// Jest Snapshot v1, https://goo.gl/fbAQLP

exports[`<SingleReportContainer> should render without crashing 1`] = `
<Provider
  store={
    Object {
      "clearActions": [Function],
      "dispatch": [Function],
      "getActions": [Function],
      "getState": [Function],
      "replaceReducer": [Function],
      "subscribe": [Function],
    }
  }
>
  <BrowserRouter
    keyLength={0}
  >
    <Router
      history={
        Object {
          "action": "REPLACE",
          "block": [Function],
          "createHref": [Function],
          "go": [Function],
          "goBack": [Function],
          "goForward": [Function],
          "length": 1,
          "listen": [Function],
          "location": Object {
            "hash": "",
            "pathname": "/login",
            "search": "",
            "state": undefined,
          },
          "push": [Function],
          "replace": [Function],
        }
      }
    >
      <Connect(SingleReportContainer)
        location={
          Object {
            "pathname": "a/b/45",
            "reports": Object {},
          }
        }
      >
        <SingleReportContainer
          location={
            Object {
              "pathname": "a/b/45",
              "reports": Object {},
            }
          }
          reports={
            Object {
              "data": Array [],
              "isBusy": false,
              "success": false,
            }
          }
          updateReport={[Function]}
          user={
            Object {
              "isBusy": false,
              "message": Array [],
              "success": false,
              "token": "",
            }
          }
        >
          <Redirect
            push={false}
            to="/login"
          />
        </SingleReportContainer>
      </Connect(SingleReportContainer)>
    </Router>
  </BrowserRouter>
</Provider>
`;
